---
source: crates/omaghy-tui/src/widgets/snapshots.rs
expression: "breakpoints(&rows, Icons::UNICODE)"
---
── 40 cols: [Title, Age] ──
▸ Add SocketServer reconnect back…   4m
  Bar widget plugins declare a pr…  22m
   fix: syntax highlighting follow…   2h
   Refactor the Wayland layer-shel…   8h

── 59 cols: [Title, Age] ──
▸ Add SocketServer reconnect backoff and idle timeout   4m
  Bar widget plugins declare a preferred section       22m
   fix: syntax highlighting follows the Dark/Light to…   2h
   Refactor the Wayland layer-shell surface lifecycle…   8h

── 60 cols: [Icon, Title, Age] ──
▸  Add SocketServer reconnect backoff and idle timeo…   4m
   Bar widget plugins declare a preferred section      22m
    fix: syntax highlighting follows the Dark/Light t…   2h
    Refactor the Wayland layer-shell surface lifecycl…   8h

── 79 cols: [Icon, Title, Age] ──
▸  Add SocketServer reconnect backoff and idle timeout                     4m
   Bar widget plugins declare a preferred section                         22m
    fix: syntax highlighting follows the Dark/Light toggle                  2h
    Refactor the Wayland layer-shell surface lifecycle so that anchors, …   8h

── 80 cols: [Icon, Title, Repo, State, Age] ──
▸  Add SocketServer reconnect backoff and … …/quickshell          open     4m
   Bar widget plugins declare a preferred … basecamp/omarchy      open    22m
    fix: syntax highlighting follows the Da… ShaxP/shax            merged   2h
    Refactor the Wayland layer-shell surfac… …/an-equally-long-r…  draft    8h

── 99 cols: [Icon, Title, Repo, State, Age] ──
▸  Add SocketServer reconnect backoff and idle timeout         …/quickshell          open     4m
   Bar widget plugins declare a preferred section              basecamp/omarchy      open    22m
    fix: syntax highlighting follows the Dark/Light toggle      ShaxP/shax            merged   2h
    Refactor the Wayland layer-shell surface lifecycle so that… …/an-equally-long-r…  draft    8h

── 100 cols: [Icon, Title, Repo, Number, State, Checks, Age] ──
▸  Add SocketServer reconnect backoff and idle t… …/quickshell           #412  open    2/14   4m
   Bar widget plugins declare a preferred section basecamp/omarchy      #1904  open       3  22m
    fix: syntax highlighting follows the Dark/Lig… ShaxP/shax              #61  merged    14   2h
    Refactor the Wayland layer-shell surface life… …/an-equally-long-r… #12345  draft           8h

── 120 cols: [Icon, Title, Repo, Number, State, Checks, Actor, Age] ──
▸  Add SocketServer reconnect backoff and idle timeout   …/quickshell           #412  open    2/14 outfoxxed      4m
   Bar widget plugins declare a preferred section        basecamp/omarchy      #1904  open       3 dhh           22m
    fix: syntax highlighting follows the Dark/Light togg… ShaxP/shax              #61  merged    14 ShaxP          2h
    Refactor the Wayland layer-shell surface lifecycle s… …/an-equally-long-r… #12345  draft         a-very-long…   8h
