---
source: crates/omaghy-tui/src/surfaces/notifications.rs
expression: variant_matrix(120).await
---
── reason #0 ──
   quickshell/quickshell (2)
▸  Add SocketServer reconnect backoff and idle timeout                                                              4m
     review requested · pull request #1
   Refactor the Wayland layer-shell surface lifecycle so that anchors, exclusive zones, and keyboard focus are r…   8h
     subscribed · pull request #8
   some-very-long-organization-name/an-equally-long-repository-name (3)
   Short one                                                                                                        9m
     commented · issue #29
   RFC: unifying the plugin manifest across shell surfaces                                                          6h
     team mentioned · discussion #7
 ▸ review requested · pull request #1 · quickshell/quickshell · 4m · awaiting details
                                                                                                         ? help  q quit

── reason #1 ──
   quickshell/quickshell (2)
▸  Add SocketServer reconnect backoff and idle timeout                                                              4m
     review requested · pull request #1
   Refactor the Wayland layer-shell surface lifecycle so that anchors, exclusive zones, and keyboard focus are r…   8h
     subscribed · pull request #8
   some-very-long-organization-name/an-equally-long-repository-name (3)
   Short one                                                                                                        9m
     commented · issue #29
   RFC: unifying the plugin manifest across shell surfaces                                                          6h
     team mentioned · discussion #7
 ▸ review requested · pull request #1 · quickshell/quickshell · 4m · awaiting details
                                                                                                         ? help  q quit

── reason #2 ──
   quickshell/quickshell (2)
▸  Add SocketServer reconnect backoff and idle timeout                                                              4m
     review requested · pull request #1
   Refactor the Wayland layer-shell surface lifecycle so that anchors, exclusive zones, and keyboard focus are r…   8h
     subscribed · pull request #8
   some-very-long-organization-name/an-equally-long-repository-name (3)
   Short one                                                                                                        9m
     commented · issue #29
   RFC: unifying the plugin manifest across shell surfaces                                                          6h
     team mentioned · discussion #7
 ▸ review requested · pull request #1 · quickshell/quickshell · 4m · awaiting details
                                                                                                         ? help  q quit

── repo #0 ──
   quickshell/quickshell (2)
▸  Add SocketServer reconnect backoff and idle timeout                                                              4m
     review requested · pull request #1
   Refactor the Wayland layer-shell surface lifecycle so that anchors, exclusive zones, and keyboard focus are r…   8h
     subscribed · pull request #8
   some-very-long-organization-name/an-equally-long-repository-name (3)
   Short one                                                                                                        9m
     commented · issue #29
   RFC: unifying the plugin manifest across shell surfaces                                                          6h
     team mentioned · discussion #7
 ▸ review requested · pull request #1 · quickshell/quickshell · 4m · awaiting details
                                                                                                         ? help  q quit

── repo #1 ──
   quickshell/quickshell (2)
▸  Add SocketServer reconnect backoff and idle timeout                                                              4m
     review requested · pull request #1
   Refactor the Wayland layer-shell surface lifecycle so that anchors, exclusive zones, and keyboard focus are r…   8h
     subscribed · pull request #8
   some-very-long-organization-name/an-equally-long-repository-name (3)
   Short one                                                                                                        9m
     commented · issue #29
   RFC: unifying the plugin manifest across shell surfaces                                                          6h
     team mentioned · discussion #7
 ▸ review requested · pull request #1 · quickshell/quickshell · 4m · awaiting details
                                                                                                         ? help  q quit

── repo #2 ──
   quickshell/quickshell (2)
▸  Add SocketServer reconnect backoff and idle timeout                                                              4m
     review requested · pull request #1
   Refactor the Wayland layer-shell surface lifecycle so that anchors, exclusive zones, and keyboard focus are r…   8h
     subscribed · pull request #8
   some-very-long-organization-name/an-equally-long-repository-name (3)
   Short one                                                                                                        9m
     commented · issue #29
   RFC: unifying the plugin manifest across shell surfaces                                                          6h
     team mentioned · discussion #7
 ▸ review requested · pull request #1 · quickshell/quickshell · 4m · awaiting details
                                                                                                         ? help  q quit

── icons #0 ──
   quickshell/quickshell (2)
▸  Add SocketServer reconnect backoff and idle timeout                                                              4m
     review requested · pull request #1
   Refactor the Wayland layer-shell surface lifecycle so that anchors, exclusive zones, and keyboard focus are r…   8h
     subscribed · pull request #8
   some-very-long-organization-name/an-equally-long-repository-name (3)
   Short one                                                                                                        9m
     commented · issue #29
   RFC: unifying the plugin manifest across shell surfaces                                                          6h
     team mentioned · discussion #7
 ▸ review requested · pull request #1 · quickshell/quickshell · 4m · awaiting details
                                                                                                         ? help  q quit

── icons #1 ──
   quickshell/quickshell (2)
▸  Add SocketServer reconnect backoff and idle timeout                                                              4m
     review requested · pull request #1
   Refactor the Wayland layer-shell surface lifecycle so that anchors, exclusive zones, and keyboard focus are r…   8h
     subscribed · pull request #8
   some-very-long-organization-name/an-equally-long-repository-name (3)
   Short one                                                                                                        9m
     commented · issue #29
   RFC: unifying the plugin manifest across shell surfaces                                                          6h
     team mentioned · discussion #7
 ▸ review requested · pull request #1 · quickshell/quickshell · 4m · awaiting details
                                                                                                         ? help  q quit

── width #0 ──
   quickshell/quickshell (2)
▸  Add SocketServer reconnect backoff and idle timeout                                                              4m
     review requested · pull request #1
   Refactor the Wayland layer-shell surface lifecycle so that anchors, exclusive zones, and keyboard focus are r…   8h
     subscribed · pull request #8
   some-very-long-organization-name/an-equally-long-repository-name (3)
   Short one                                                                                                        9m
     commented · issue #29
   RFC: unifying the plugin manifest across shell surfaces                                                          6h
     team mentioned · discussion #7
 ▸ review requested · pull request #1 · quickshell/quickshell · 4m · awaiting details
                                                                                                         ? help  q quit

── width #1 ──
   quickshell/quickshell (2)
▸  Add SocketServer reconnect backoff and idle timeout                                                              4m
     review requested · pull request #1
   Refactor the Wayland layer-shell surface lifecycle so that anchors, exclusive zones, and keyboard focus are r…   8h
     subscribed · pull request #8
   some-very-long-organization-name/an-equally-long-repository-name (3)
   Short one                                                                                                        9m
     commented · issue #29
   RFC: unifying the plugin manifest across shell surfaces                                                          6h
     team mentioned · discussion #7
 ▸ review requested · pull request #1 · quickshell/quickshell · 4m · awaiting details
                                                                                                         ? help  q quit

── width #2 ──
   quickshell/quickshell (2)
▸  Add SocketServer reconnect backoff and idle timeout                                                              4m
     review requested · pull request #1
   Refactor the Wayland layer-shell surface lifecycle so that anchors, exclusive zones, and keyboard focus are r…   8h
     subscribed · pull request #8
   some-very-long-organization-name/an-equally-long-repository-name (3)
   Short one                                                                                                        9m
     commented · issue #29
   RFC: unifying the plugin manifest across shell surfaces                                                          6h
     team mentioned · discussion #7
 ▸ review requested · pull request #1 · quickshell/quickshell · 4m · awaiting details
                                                                                                         ? help  q quit

── rows #0 ──
   quickshell/quickshell (2)
▸  Add SocketServer reconnect backoff and idle timeout                                                              4m
     review requested · pull request #1
   Refactor the Wayland layer-shell surface lifecycle so that anchors, exclusive zones, and keyboard focus are r…   8h
     subscribed · pull request #8
   some-very-long-organization-name/an-equally-long-repository-name (3)
   Short one                                                                                                        9m
     commented · issue #29
   RFC: unifying the plugin manifest across shell surfaces                                                          6h
     team mentioned · discussion #7
 ▸ review requested · pull request #1 · quickshell/quickshell · 4m · awaiting details
                                                                                                         ? help  q quit

── rows #1 ──
   quickshell/quickshell (2)
▸  Add SocketServer reconnect backoff and idle timeout                                                              4m
     review requested · pull request #1
   Refactor the Wayland layer-shell surface lifecycle so that anchors, exclusive zones, and keyboard focus are r…   8h
     subscribed · pull request #8
   some-very-long-organization-name/an-equally-long-repository-name (3)
   Short one                                                                                                        9m
     commented · issue #29
   RFC: unifying the plugin manifest across shell surfaces                                                          6h
     team mentioned · discussion #7
 ▸ review requested · pull request #1 · quickshell/quickshell · 4m · awaiting details
                                                                                                         ? help  q quit

── triage #0 ──
   quickshell/quickshell (2)
▸  Add SocketServer reconnect backoff and idle timeout                                                              4m
     review requested · pull request #1
   Refactor the Wayland layer-shell surface lifecycle so that anchors, exclusive zones, and keyboard focus are r…   8h
     subscribed · pull request #8
   some-very-long-organization-name/an-equally-long-repository-name (3)
   Short one                                                                                                        9m
     commented · issue #29
   RFC: unifying the plugin manifest across shell surfaces                                                          6h
     team mentioned · discussion #7
 ▸ review requested · pull request #1 · quickshell/quickshell · 4m · awaiting details
                                                                                                         ? help  q quit

── triage #1 ──
   quickshell/quickshell (2)
▸  Add SocketServer reconnect backoff and idle timeout                                                              4m
     review requested · pull request #1
   Refactor the Wayland layer-shell surface lifecycle so that anchors, exclusive zones, and keyboard focus are r…   8h
     subscribed · pull request #8
   some-very-long-organization-name/an-equally-long-repository-name (3)
   Short one                                                                                                        9m
     commented · issue #29
   RFC: unifying the plugin manifest across shell surfaces                                                          6h
     team mentioned · discussion #7
 ▸ review requested · pull request #1 · quickshell/quickshell · 4m · awaiting details
                                                                                                         ? help  q quit

── triage #2 ──
   quickshell/quickshell (2)
▸  Add SocketServer reconnect backoff and idle timeout                                                              4m
     review requested · pull request #1
   Refactor the Wayland layer-shell surface lifecycle so that anchors, exclusive zones, and keyboard focus are r…   8h
     subscribed · pull request #8
   some-very-long-organization-name/an-equally-long-repository-name (3)
   Short one                                                                                                        9m
     commented · issue #29
   RFC: unifying the plugin manifest across shell surfaces                                                          6h
     team mentioned · discussion #7
 ▸ review requested · pull request #1 · quickshell/quickshell · 4m · awaiting details
                                                                                                         ? help  q quit

── group #0 ──
   quickshell/quickshell (2)
▸  Add SocketServer reconnect backoff and idle timeout                                                              4m
     review requested · pull request #1
   Refactor the Wayland layer-shell surface lifecycle so that anchors, exclusive zones, and keyboard focus are r…   8h
     subscribed · pull request #8
   some-very-long-organization-name/an-equally-long-repository-name (3)
   Short one                                                                                                        9m
     commented · issue #29
   RFC: unifying the plugin manifest across shell surfaces                                                          6h
     team mentioned · discussion #7
 ▸ review requested · pull request #1 · quickshell/quickshell · 4m · awaiting details
                                                                                                         ? help  q quit

── group #1 ──
   quickshell/quickshell (2)
▸  Add SocketServer reconnect backoff and idle timeout                                                              4m
     review requested · pull request #1
   Refactor the Wayland layer-shell surface lifecycle so that anchors, exclusive zones, and keyboard focus are r…   8h
     subscribed · pull request #8
   some-very-long-organization-name/an-equally-long-repository-name (3)
   Short one                                                                                                        9m
     commented · issue #29
   RFC: unifying the plugin manifest across shell surfaces                                                          6h
     team mentioned · discussion #7
 ▸ review requested · pull request #1 · quickshell/quickshell · 4m · awaiting details
                                                                                                         ? help  q quit
